../Core/Src/oled.c:60:6:OLED_ScrollRight	16	static
../Core/Src/oled.c:73:6:OLED_ScrollLeft	16	static
../Core/Src/oled.c:86:6:OLED_Scrolldiagright	16	static
../Core/Src/oled.c:102:6:OLED_Scrolldiagleft	16	static
../Core/Src/oled.c:118:6:OLED_Stopscroll	8	static
../Core/Src/oled.c:124:6:OLED_InvertDisplay	16	static
../Core/Src/oled.c:133:6:OLED_DrawBitmap	32	static
../Core/Src/oled.c:157:9:OLED_Init	16	static
../Core/Src/oled.c:223:6:OLED_UpdateScreen	16	static
../Core/Src/oled.c:236:6:OLED_ToggleInvert	16	static
../Core/Src/oled.c:248:6:OLED_Fill	16	static
../Core/Src/oled.c:253:6:OLED_DrawPixel	16	static
../Core/Src/oled.c:275:6:OLED_SetCursor	16	static
../Core/Src/oled.c:281:6:OLED_ShowChar	32	static
../Core/Src/oled.c:312:6:OLED_ShowString	24	static
../Core/Src/oled.c:333:6:OLED_ShowNum	40	static
../Core/Src/oled.c:340:6:OLED_ShowSignedNum	40	static
../Core/Src/oled.c:347:6:OLED_DrawLine	40	static
../Core/Src/oled.c:433:6:OLED_Clear	8	static
../Core/Src/oled.c:439:6:OLED_ON	8	static
../Core/Src/oled.c:445:6:OLED_OFF	8	static
../Core/Src/oled.c:461:6:OLED_I2C_Init	16	static
../Core/Src/oled.c:473:6:OLED_I2C_WriteMulti	296	static
../Core/Src/oled.c:483:6:OLED_I2C_Write	32	static
